==========================================================================
FETCH COVERAGE - teams we know about but have no token breakdown for
==========================================================================

status             teams            TVL   meaning
ok                  3240       452.32B   token split available
unavailable          784         2.47B   adapter publishes no token data at all
partial              135        40.69B   some protocols missing a split
not_fetched            1        -0.00B   OUTSIDE the fetch scope - widen --min-tvl/--max-tvl

TVL with no token breakdown: $2.47B of $495.47B (0.5%)

Biggest teams with no split (fix these first):
  LayerZero                           $   6.76B  partial
  Hyperliquid                         $   6.00B  partial
  Ondo Finance                        $   3.46B  partial
  Circle                              $   3.04B  partial
  Uniswap                             $   2.95B  partial
  Arbitrum Foundation                 $   2.75B  partial
  Jupiter                             $   2.10B  partial
  PancakeSwap                         $   2.08B  partial
  Paxos                               $   1.90B  partial
  Chainlink                           $   1.81B  partial

==========================================================================
ATTRIBUTION COVERAGE - largest on-chain holders we cannot tie to a team
==========================================================================

Ethereum: identifying 18 large unnamed contracts ...

Ethereum  (top 50 holders per token, $79,294M scanned)
  dashboard attributes to teams        $    85,943M
  wallet                               $    73,140M
  infrastructure                       $       186M
  matched_by_label                     $     1,168M
  unattributed_contract                $     4,801M

  Reconciled to a team by its on-chain contract label:
    Aave                              $    573.6M
    Lighter                           $    494.2M
    Morpho                            $    100.1M

  Unnamed contracts holding stablecoins, largest first:
    0x6C96dE32CEa08842dcc4058c14d3aaAD7Fa41dee     USDT $  3,302.8M  TransparentUpgradeableProxy / OAda
    0x40ec5B33f54e0E8A33A975908C5BA1c14e5BbbDf     USDC $  1,010.7M  RootChainManagerProxy / ERC20Predi
    0x54a679e853281A440911f72Eae0E24107e9413dc     USDT $    325.2M  unnamed contract
    0xBeE64116bd2b1b6373273D01664fbC5532dad06D     USDT $    162.1M  ERC1967Proxy / Vault

Arbitrum: identifying 21 large unnamed contracts ...

Arbitrum  (top 50 holders per token, $1,676M scanned)
  dashboard attributes to teams        $     1,415M
  wallet                               $       915M
  infrastructure                       $       451M
  matched_by_label                     $       167M
  unattributed_contract                $       143M

  Reconciled to a team by its on-chain contract label:
    GMX                               $     52.6M
    Aave                              $     50.1M
    Ostium                            $     17.3M
    Uniswap                           $     15.0M
    Fluid                             $     14.4M
    Algebra                           $      7.1M
    Hibachi                           $      5.3M
    Extended                          $      4.2M

  Unnamed contracts holding stablecoins, largest first:
    0x0B15D6cF5e843C88034f64664D7fE66E5F79C5f2     USDT $     27.3M  ERC1967Proxy
    0x9E36CB86a159d479cEd94Fa05036f235Ac40E1d5     USDT $     27.2M  ERC1967Proxy / AstherusVault
    0x9E36CB86a159d479cEd94Fa05036f235Ac40E1d5     USDC $     22.2M  ERC1967Proxy / AstherusVault
    0x82675d0553D802039e6776C006BEb1b820a69d55     USDC $     10.4M  TransparentUpgradeableProxy / USDC
    0x2B05F8e1cACC6974fD79A673a341Fe1f58d27266     USDC $     10.0M  PSM3
    0x77652D5aba086137b595875263FC200182919B92     USDT $      9.3M  UsdtOFT
    0x360E68faCcca8cA495c1B759Fd9EEe466db9FB32     USDC $      8.5M  PoolManager
    0xb8e6D31e7B212b2b7250EE9c26C56cEBBFBe6B23     USDT $      7.0M  ERC1967Proxy / Vault
    0x2677C4c8757dA1857CC7cc4071E0E0Dd32ccb975     USDT $      6.6M  ERC1967Proxy / Vault
    0x17A30350771d02409046A683b18Fe1C13cCFC4A8     USDT $      5.3M  ERC1967Proxy / Vault
    0x1080808080f145b14228443212e62447C112ADaD     USDT $      3.6M  TransparentUpgradeableProxy / Mark
    0x360E68faCcca8cA495c1B759Fd9EEe466db9FB32     USDT $      2.1M  PoolManager

Base  (top 50 holders per token, $39M scanned)   [INCOMPLETE: USDC unreachable]
  dashboard attributes to teams        $     3,635M
  wallet                               $        35M
  unattributed_contract                $         4M

  Unnamed contracts holding stablecoins, largest first:
    0xa41Bc0AFfbA7Fd420d186b84899d7ab2aC57fcD1     USDT $      1.3M  unnamed contract
    0xd0Ee9811A9C87D420DD5bABFD9f814fe03828766     USDT $      0.7M  ALTBCPool
    0x498581fF718922c3f8e6A244956aF099B2652b2b     USDT $      0.6M  PoolManager
    0x9785eF59E2b499fB741674ecf6fAF912Df7b3C1b     USDT $      0.4M  unnamed contract
    0x3a669c00F7A041330646AC8AE89d74e104bd1363     USDT $      0.4M  TransparentUpgradeableProxy
    0x186A6DD90A611F2dBccF51bd1a50dcD38B539fFF     USDT $      0.3M  unnamed contract
    0x1255E17ffF07322231A4124Bb455C85d20d0a2c4     USDT $      0.2M  unnamed contract
    0xad25fBb705Ef0065104b70fD90ad7131e44e3154     USDT $      0.2M  unnamed contract
    0xdcC106e48e90EBaB38DF242b34875aE41b2e68E9     USDT $      0.2M  unnamed contract

Optimism: identifying 5 large unnamed contracts ...

Optimism  (top 50 holders per token, $327M scanned)
  dashboard attributes to teams        $         4M
  wallet                               $       269M
  infrastructure                       $         3M
  matched_by_label                     $        12M
  unattributed_contract                $        43M

  Reconciled to a team by its on-chain contract label:
    Aave                              $      3.4M
    Rain                              $      3.1M
    Uniswap                           $      2.7M
    Exactly                           $      1.7M
    Stable                            $      0.7M
    Stable Swap                       $      0.1M

  Unnamed contracts holding stablecoins, largest first:
    0x66753c4e3fC84f1eD0e3C267C927284E9d90C572     USDC $     10.2M  TransparentUpgradeableProxy / HubI
    0x2677C4c8757dA1857CC7cc4071E0E0Dd32ccb975  USDT-legacy $      3.1M  ERC1967Proxy / Vault
    0xDEf0bfBdf7530C75AB3C73f8d2F64d9eaA7aA98e     USDC $      3.0M  Vault
    0xb8e6D31e7B212b2b7250EE9c26C56cEBBFBe6B23     USDC $      2.2M  ERC1967Proxy
    0x4DA46c6AFe7322b66EFEfda1f702605Cbe08E0Bd     USDT $      2.2M  unnamed contract
    0x7C43E0270c868D0341c636a38C07e5Ae93908a04     USDC $      1.9M  unnamed contract
    0xc93c35246652b40F3f090Bd180B58322679B9F1B     USDC $      1.8M  BeaconProxy
    0x34962529E9bEb9aEfA89388c01cb04D75166eEA1     USDC $      1.7M  BeaconProxy
    0x3EcAad319B0624a41Cf29a4ffBE488839343DAd1     USDC $      1.5M  unnamed contract
    0x4DA46c6AFe7322b66EFEfda1f702605Cbe08E0Bd  USDT-legacy $      1.1M  unnamed contract
    0x8EfBdFF3bAe9a3ED3C0ac7aD86BEbF9aEe46086f     USDT $      1.1M  TransparentUpgradeableProxy
    0xa222A064470f725e3dB0A974cBc9996867E79C8e  USDT-legacy $      1.0M  BeaconProxy

Polygon: no holder data returned (USDC, USDC.e, USDT unreachable)

Unichain  (top 50 holders per token, $25M scanned)
  dashboard attributes to teams        $         1M
  wallet                               $        16M
  matched_by_label                     $         4M
  unattributed_contract                $         6M

  Reconciled to a team by its on-chain contract label:
    Uniswap                           $      3.8M
    Morpho                            $      0.1M

  Unnamed contracts holding stablecoins, largest first:
    0x1F98400000000000000000000000000000000004     USDC $      2.8M  PoolManager
    0x5bA5D50744459386CFf9a0b951C6AD78b32E9f29     USDC $      0.4M  unnamed contract
    0x51C72848c68a965f66FA7a88855F9f7784502a7F     USDC $      0.4M  unnamed contract
    0x14c8F156b42676d0890c18Eb4243935c2c3dC7ac     USDC $      0.4M  unnamed contract
    0x080f40A5cCE3F94DBafAe95e688b37dE402ff81F     USDC $      0.4M  ERC1967Proxy
    0xDc278FFDCB01cB959E8a6E2198614A17895cC9eF     USDC $      0.3M  ERC1967Proxy
    0x1F98400000000000000000000000000000000004     USDT $      0.3M  PoolManager
    0x51C72848c68a965f66FA7a88855F9f7784502a7F     USDT $      0.2M  unnamed contract
    0xD43f73A57472D7741c5342cAd5a9A69396E2077B     USDC $      0.1M  ERC1967Proxy
    0xE6f6B2206ab5555AC51a1cEEC6211B97b2888F6c     USDC $      0.1M  ERC1967Proxy
    0xAb52F362Cd574f71EBc447bDbd830fA0fBe0f9Ce     USDC $      0.1M  ERC1967Proxy
    0x2c7118c4C88B9841FCF839074c26Ae8f035f2921     USDC $      0.1M  TransparentUpgradeableProxy

==========================================================================
107 contracts holding $4,997M are not attributed to any team.
Written to data/coverage.json.

These are candidates, not confirmed misses - many will be exchange or
bridge contracts whose labels we could not read. Identify the ones that
belong to a team and add them to config/addresses.yml, then run onchain.py
to fold their balances in as measured figures.
